// Jest Snapshot v1, https://goo.gl/fbAQLP

exports[`DoneFrame Component should render correctly 1`] = `
<div
  className="text-center"
>
  <h2>
    Nice Well Done
  </h2>
  <button
    className="btn btn-outline-success"
    onClick={[MockFunction]}
  >
    Play Again
  </button>
</div>
`;
